
> @aws/agentcore-cli@0.1.0 test:vitest
> vitest run


[1m[46m RUN [49m[22m [36mv4.0.18 [39m[90m/Users/aidandal/workplace/agentcore-cli[39m

 [32m✓[39m integ-tests/json-output.test.ts[2m > [22mJSON output structure[2m > [22mcreate command[2m > [22merror response has success:false and error string[33m 1615[2mms[22m[39m
 [32m✓[39m src/cli/commands/dev/__tests__/dev.test.ts[2m > [22mdev command[2m > [22m--help[2m > [22mshows all options[33m 1619[2mms[22m[39m
 [32m✓[39m integ-tests/help.test.ts[2m > [22mCLI help[2m > [22mmain help[2m > [22mshows all commands[33m 1621[2mms[22m[39m
 [32m✓[39m src/cli/commands/deploy/__tests__/deploy.test.ts[2m > [22mdeploy --help[2m > [22mshows verbose option[33m 1664[2mms[22m[39m
 [32m✓[39m integ-tests/json-output.test.ts[2m > [22mJSON output structure[2m > [22mcreate command[2m > [22mvalidation error mentions the issue[33m 1360[2mms[22m[39m
 [32m✓[39m src/cli/commands/deploy/__tests__/deploy.test.ts[2m > [22mdeploy --help[2m > [22mshows all deploy options[33m 1311[2mms[22m[39m
 [32m✓[39m integ-tests/help.test.ts[2m > [22mCLI help[2m > [22mcommand help[2m > [22mcreate --help exits 0[33m 1357[2mms[22m[39m
 [32m✓[39m src/cli/commands/dev/__tests__/dev.test.ts[2m > [22mdev command[2m > [22mrequires project context[2m > [22mexits with error when run outside project[33m 1372[2mms[22m[39m
 [32m✓[39m integ-tests/json-output.test.ts[2m > [22mJSON output structure[2m > [22mcreate command[2m > [22mmissing required options returns error JSON[33m 1484[2mms[22m[39m
 [32m✓[39m src/cli/commands/create/__tests__/create.test.ts[2m > [22mcreate command[2m > [22m--no-agent[2m > [22mcreates project structure[33m 4480[2mms[22m[39m
 [32m✓[39m integ-tests/help.test.ts[2m > [22mCLI help[2m > [22mcommand help[2m > [22mdeploy --help exits 0[33m 1678[2mms[22m[39m
 [32m✓[39m src/cli/commands/dev/__tests__/dev.test.ts[2m > [22mdev command[2m > [22mflag validation[2m > [22mrejects invalid port number[33m 1683[2mms[22m[39m
 [32m✓[39m src/cli/commands/create/__tests__/create.test.ts[2m > [22mcreate command[2m > [22m--no-agent[2m > [22mrejects reserved names[33m 1562[2mms[22m[39m
 [32m✓[39m integ-tests/help.test.ts[2m > [22mCLI help[2m > [22mcommand help[2m > [22mdev --help exits 0[33m 1412[2mms[22m[39m
 [32m✓[39m integ-tests/json-output.test.ts[2m > [22mJSON output structure[2m > [22mcreate command[2m > [22minvalid framework returns error JSON[33m 1619[2mms[22m[39m
 [32m✓[39m src/cli/commands/dev/__tests__/dev.test.ts[2m > [22mdev command[2m > [22mflag validation[2m > [22mrejects negative port number[33m 1434[2mms[22m[39m
 [32m✓[39m integ-tests/help.test.ts[2m > [22mCLI help[2m > [22mcommand help[2m > [22minvoke --help exits 0[33m 1558[2mms[22m[39m
 [32m✓[39m src/cli/commands/dev/__tests__/dev.test.ts[2m > [22mdev command[2m > [22mflag validation[2m > [22mstream flag is documented in help[33m 1521[2mms[22m[39m
 [32m✓[39m src/cli/commands/create/__tests__/create.test.ts[2m > [22mcreate command[2m > [22mwith agent[2m > [22mcreates project with agent[33m 3033[2mms[22m[39m
 [32m✓[39m integ-tests/help.test.ts[2m > [22mCLI help[2m > [22mcommand help[2m > [22mdestroy --help exits 0[33m 1669[2mms[22m[39m
 [32m✓[39m src/cli/commands/add/__tests__/add-identity.test.ts[2m > [22madd identity command[2m > [22mvalidation[2m > [22mrequires name flag[33m 1640[2mms[22m[39m
 [32m✓[39m src/cli/commands/add/__tests__/add-mcp-tool.test.ts[2m > [22madd mcp-tool command[2m > [22mvalidation[2m > [22mrequires name flag[33m 1806[2mms[22m[39m
 [32m✓[39m src/cli/commands/plan/__tests__/plan.test.ts[2m > [22mplan command[2m > [22mtarget validation[2m > [22mrejects non-existent target[33m 1784[2mms[22m[39m
 [31m×[39m src/cli/commands/remove/__tests__/agent-removal-cascade.test.ts[2m > [22magent removal cascade[2m > [22mcascade removes owned resources[2m > [22mremoves agent and its owned memory[33m 9475[2mms[22m[39m
[31m   → stdout: 

1 !== 0
[39m
 [32m✓[39m src/cli/commands/create/__tests__/create.test.ts[2m > [22mcreate command[2m > [22mwith agent[2m > [22mrequires all options without --no-agent[33m 1683[2mms[22m[39m
 [32m✓[39m src/cli/commands/add/__tests__/add-identity.test.ts[2m > [22madd identity command[2m > [22mvalidation[2m > [22mrequires type flag[33m 1636[2mms[22m[39m
 [32m✓[39m integ-tests/help.test.ts[2m > [22mCLI help[2m > [22mcommand help[2m > [22mplan --help exits 0[33m 1683[2mms[22m[39m
 [32m✓[39m src/cli/commands/add/__tests__/add-mcp-tool.test.ts[2m > [22madd mcp-tool command[2m > [22mvalidation[2m > [22mrequires exposure flag[33m 1587[2mms[22m[39m
 [31m×[39m src/cli/commands/remove/__tests__/removal-policy-cascade.test.ts[2m > [22mremoval policy cascade[2m > [22mmemory cascade[2m > [22mremoves memory and cleans up user references with cascade[33m 11018[2mms[22m[39m
[31m   → stdout: 

1 !== 0
[39m
 [31m×[39m src/cli/commands/remove/__tests__/removal-policy-restrict.test.ts[2m > [22mremoval policy restrict[2m > [22mmemory restrict[2m > [22mblocks removal when memory has users (default restrict)[33m 11055[2mms[22m[39m
[31m   → Expected values to be strictly equal:

0 !== 1
[39m
 [32m✓[39m src/cli/commands/deploy/__tests__/deploy.test.ts[2m > [22mdeploy command[2m > [22mvalidation[2m > [22maccepts deploy without target (TUI mode)[33m 3231[2mms[22m[39m
 [32m✓[39m src/cli/commands/plan/__tests__/plan.test.ts[2m > [22mplan command[2m > [22mtarget validation[2m > [22maccepts valid target and returns plan result[33m 3069[2mms[22m[39m
 [32m✓[39m src/cli/commands/create/__tests__/create.test.ts[2m > [22mcreate command[2m > [22mwith agent[2m > [22mvalidates framework[33m 2598[2mms[22m[39m
 [32m✓[39m integ-tests/help.test.ts[2m > [22mCLI help[2m > [22mcommand help[2m > [22mstatus --help exits 0[33m 2531[2mms[22m[39m
 [32m✓[39m src/cli/commands/add/__tests__/add-identity.test.ts[2m > [22madd identity command[2m > [22mvalidation[2m > [22mvalidates type value[33m 2573[2mms[22m[39m
 [32m✓[39m src/cli/commands/add/__tests__/add-mcp-tool.test.ts[2m > [22madd mcp-tool command[2m > [22mvalidation[2m > [22mvalidates language[33m 2509[2mms[22m[39m
 [32m✓[39m src/cli/commands/deploy/__tests__/deploy.test.ts[2m > [22mdeploy command[2m > [22mtarget validation[2m > [22mrejects non-existent target[33m 2526[2mms[22m[39m
 [32m✓[39m src/cli/commands/add/__tests__/add-identity.test.ts[2m > [22madd identity command[2m > [22mvalidation[2m > [22mrequires api-key flag[33m 2787[2mms[22m[39m
 [32m✓[39m integ-tests/help.test.ts[2m > [22mCLI help[2m > [22mcommand help[2m > [22mvalidate --help exits 0[33m 2838[2mms[22m[39m
 [32m✓[39m src/cli/commands/add/__tests__/add-mcp-tool.test.ts[2m > [22madd mcp-tool command[2m > [22mvalidation[2m > [22maccepts Other as valid language option[33m 2877[2mms[22m[39m
 [32m✓[39m src/cli/commands/plan/__tests__/plan.test.ts[2m > [22mplan command[2m > [22m--deploy flag[2m > [22mcommand accepts --deploy flag[33m 3899[2mms[22m[39m
 [32m✓[39m src/cli/commands/create/__tests__/create.test.ts[2m > [22mcreate command[2m > [22m--defaults[2m > [22mcreates project with defaults[33m 4367[2mms[22m[39m
 [32m✓[39m src/cli/commands/remove/__tests__/remove-identity.test.ts[2m > [22mremove identity command[2m > [22mvalidation[2m > [22mrequires name flag[33m 2536[2mms[22m[39m
 [32m✓[39m src/cli/commands/add/__tests__/add-identity.test.ts[2m > [22madd identity command[2m > [22mvalidation[2m > [22mrequires owner flag[33m 2661[2mms[22m[39m
 [32m✓[39m integ-tests/help.test.ts[2m > [22mCLI help[2m > [22mcommand help[2m > [22madd --help exits 0[33m 2644[2mms[22m[39m
 [32m✓[39m src/cli/commands/add/__tests__/add-mcp-tool.test.ts[2m > [22madd mcp-tool command[2m > [22mmcp-runtime[2m > [22mcreates mcp-runtime tool[33m 2740[2mms[22m[39m
 [31m×[39m src/cli/commands/plan/__tests__/plan.test.ts[2m > [22mplan command[2m > [22m--deploy flag[2m > [22mplan without --deploy returns plan result only[33m 4021[2mms[22m[39m
[31m   → Expected values to be strictly equal:

1 !== 0
[39m
 [31m×[39m src/cli/commands/remove/__tests__/agent-removal-cascade.test.ts[2m > [22magent removal cascade[2m > [22mcascade removes owned resources[2m > [22mremoves agent and its owned identity[33m 11013[2mms[22m[39m
[31m   → stdout: 

1 !== 0
[39m
 [32m✓[39m src/cli/commands/create/__tests__/create.test.ts[2m > [22mcreate command[2m > [22m--dry-run[2m > [22mshows files without creating[33m 2876[2mms[22m[39m
 [32m✓[39m src/cli/commands/remove/__tests__/remove-identity.test.ts[2m > [22mremove identity command[2m > [22mvalidation[2m > [22mrejects non-existent identity[33m 2963[2mms[22m[39m
 [32m✓[39m src/cli/commands/attach/__tests__/attach-mcp-runtime.test.ts[2m > [22mattach mcp-runtime command[2m > [22mvalidation[2m > [22mrequires agent flag[33m 2955[2mms[22m[39m
 [32m✓[39m integ-tests/help.test.ts[2m > [22mCLI help[2m > [22mcommand help[2m > [22mattach --help exits 0[33m 2917[2mms[22m[39m
 [32m✓[39m src/cli/commands/add/__tests__/add-identity.test.ts[2m > [22madd identity command[2m > [22midentity creation[2m > [22mcreates identity with owner[33m 2991[2mms[22m[39m
 [32m✓[39m src/cli/commands/add/__tests__/add-mcp-tool.test.ts[2m > [22madd mcp-tool command[2m > [22mmcp-runtime[2m > [22mrequires agents for mcp-runtime[33m 2914[2mms[22m[39m
 [32m✓[39m src/cli/commands/plan/__tests__/plan.test.ts[2m > [22mplan command[2m > [22m--deploy flag[2m > [22mrequires --target for --deploy[33m 2948[2mms[22m[39m
 [32m✓[39m src/cli/commands/create/__tests__/create.test.ts[2m > [22mcreate command[2m > [22m--skip-git[2m > [22mskips git initialization[33m 3010[2mms[22m[39m
 [32m✓[39m src/cli/commands/attach/__tests__/attach-mcp-runtime.test.ts[2m > [22mattach mcp-runtime command[2m > [22mvalidation[2m > [22mrequires runtime flag[33m 2780[2mms[22m[39m
 [32m✓[39m integ-tests/help.test.ts[2m > [22mCLI help[2m > [22mcommand help[2m > [22mremove --help exits 0[33m 2752[2mms[22m[39m
 [32m✓[39m src/cli/commands/add/__tests__/add-identity.test.ts[2m > [22madd identity command[2m > [22midentity creation[2m > [22mcreates identity with owner and users[33m 2783[2mms[22m[39m
 [32m✓[39m src/cli/commands/add/__tests__/add-mcp-tool.test.ts[2m > [22madd mcp-tool command[2m > [22mmcp-runtime[2m > [22mreturns clear error for Other language with mcp-runtime[33m 2746[2mms[22m[39m
 [31m×[39m src/cli/commands/remove/__tests__/removal-policy-restrict.test.ts[2m > [22mremoval policy restrict[2m > [22mmemory restrict[2m > [22mblocks removal with explicit restrict policy[33m 15001[2mms[22m[39m
[31m   → Test timed out in 15000ms.
If this is a long-running test, pass a timeout value as the last argument or configure it globally with "testTimeout".[39m
 [31m×[39m src/cli/commands/remove/__tests__/removal-policy-cascade.test.ts[2m > [22mremoval policy cascade[2m > [22midentity cascade[2m > [22mremoves identity and cleans up user references with cascade[33m 15002[2mms[22m[39m
[31m   → Test timed out in 15000ms.
If this is a long-running test, pass a timeout value as the last argument or configure it globally with "testTimeout".[39m
 [32m✓[39m src/cli/commands/attach/__tests__/attach-agent.test.ts[2m > [22mattach agent command[2m > [22mvalidation[2m > [22mrequires source flag[33m 2987[2mms[22m[39m
 [31m×[39m src/cli/commands/remove/__tests__/remove-identity.test.ts[2m > [22mremove identity command[2m > [22mremove operations[2m > [22mremoves identity without users[33m 5676[2mms[22m[39m
[31m   → stdout: {"success":false,"error":"Identity \"temp-id-1769792728695\" not found."}

1 !== 0
[39m
 [32m✓[39m src/cli/commands/attach/__tests__/attach-mcp-runtime.test.ts[2m > [22mattach mcp-runtime command[2m > [22mbind operations[2m > [22mbinds agent to MCP runtime[33m 2917[2mms[22m[39m
 [32m✓[39m src/cli/commands/plan/__tests__/plan.test.ts[2m > [22mplan command[2m > [22m--deploy flag[2m > [22mattempts deploy after plan[33m 4138[2mms[22m[39m
 [32m✓[39m integ-tests/help.test.ts[2m > [22mCLI help[2m > [22mcommand help[2m > [22medit --help exits 0[33m 2904[2mms[22m[39m
 [32m✓[39m src/cli/commands/add/__tests__/add-mcp-tool.test.ts[2m > [22madd mcp-tool command[2m > [22mbehind-gateway[2m > [22mcreates behind-gateway tool[33m 2946[2mms[22m[39m
 [32m✓[39m src/cli/commands/create/__tests__/create.test.ts[2m > [22mcreate command[2m > [22m--output-dir[2m > [22mcreates in specified directory[33m 4742[2mms[22m[39m
 [32m✓[39m src/cli/commands/attach/__tests__/attach-agent.test.ts[2m > [22mattach agent command[2m > [22mvalidation[2m > [22mrequires target flag[33m 2699[2mms[22m[39m
 [32m✓[39m src/cli/commands/attach/__tests__/attach-mcp-runtime.test.ts[2m > [22mattach mcp-runtime command[2m > [22mbind operations[2m > [22mrejects non-existent agent[33m 2670[2mms[22m[39m
 [32m✓[39m integ-tests/help.test.ts[2m > [22mCLI help[2m > [22mcommand help[2m > [22moutline --help exits 0[33m 2656[2mms[22m[39m
 [32m✓[39m src/cli/commands/add/__tests__/add-mcp-tool.test.ts[2m > [22madd mcp-tool command[2m > [22mbehind-gateway[2m > [22mrequires gateway for behind-gateway[33m 2615[2mms[22m[39m
 [32m✓[39m src/cli/commands/attach/__tests__/attach-agent.test.ts[2m > [22mattach agent command[2m > [22mattach operations[2m > [22mattaches agent to agent[33m 2573[2mms[22m[39m
 [32m✓[39m src/cli/commands/attach/__tests__/attach-mcp-runtime.test.ts[2m > [22mattach mcp-runtime command[2m > [22mbind operations[2m > [22mrejects non-existent runtime[33m 2738[2mms[22m[39m
 [32m✓[39m integ-tests/help.test.ts[2m > [22mCLI help[2m > [22mcommand help[2m > [22mpackage --help exits 0[33m 2706[2mms[22m[39m
 [32m✓[39m src/cli/commands/add/__tests__/add-mcp-tool.test.ts[2m > [22madd mcp-tool command[2m > [22mbehind-gateway[2m > [22mrequires host for behind-gateway[33m 2566[2mms[22m[39m
 [31m×[39m src/cli/commands/remove/__tests__/remove-identity.test.ts[2m > [22mremove identity command[2m > [22mremove operations[2m > [22mblocks removal when identity has users[33m 5595[2mms[22m[39m
[31m   → Expected values to be strictly equal:

0 !== 1
[39m
 [32m✓[39m src/cli/commands/add/__tests__/add-gateway.test.ts[2m > [22madd gateway command[2m > [22mbasic gateway[2m > [22mcreates gateway with default authorizer[33m 2622[2mms[22m[39m
 [32m✓[39m src/cli/commands/attach/__tests__/attach-agent.test.ts[2m > [22mattach agent command[2m > [22mattach operations[2m > [22muses custom name[33m 2890[2mms[22m[39m
 [31m×[39m src/cli/commands/remove/__tests__/agent-removal-cascade.test.ts[2m > [22magent removal cascade[2m > [22mcascade removes owned resources[2m > [22mremoves agent and cleans up remote tool references[33m 15002[2mms[22m[39m
[31m   → Test timed out in 15000ms.
If this is a long-running test, pass a timeout value as the last argument or configure it globally with "testTimeout".[39m
 [32m✓[39m integ-tests/help.test.ts[2m > [22mCLI help[2m > [22mcommand help[2m > [22mupdate --help exits 0[33m 3083[2mms[22m[39m
 [32m✓[39m src/cli/commands/add/__tests__/add-mcp-tool.test.ts[2m > [22madd mcp-tool command[2m > [22mbehind-gateway[2m > [22mreturns clear error for Other language with behind-gateway[33m 3109[2mms[22m[39m
 [32m✓[39m src/cli/commands/add/__tests__/add-target.test.ts[2m > [22madd target command[2m > [22madds target with valid inputs[33m 3080[2mms[22m[39m
 [32m✓[39m src/cli/commands/add/__tests__/add-gateway.test.ts[2m > [22madd gateway command[2m > [22mbasic gateway[2m > [22mrequires name flag[33m 3049[2mms[22m[39m
 [32m✓[39m src/cli/commands/attach/__tests__/attach-gateway.test.ts[2m > [22mattach gateway command[2m > [22mvalidation[2m > [22mrequires agent flag[33m 2814[2mms[22m[39m
 [32m✓[39m src/cli/commands/attach/__tests__/attach-agent.test.ts[2m > [22mattach agent command[2m > [22mattach operations[2m > [22mrejects self-attachment[33m 2832[2mms[22m[39m
 [32m✓[39m src/cli/commands/add/__tests__/add-target.test.ts[2m > [22madd target command[2m > [22mrejects duplicate target name[33m 2770[2mms[22m[39m
 [32m✓[39m src/cli/commands/add/__tests__/add-gateway.test.ts[2m > [22madd gateway command[2m > [22mbasic gateway[2m > [22mvalidates gateway name format[33m 2790[2mms[22m[39m
 [32m✓[39m src/cli/commands/attach/__tests__/attach-gateway.test.ts[2m > [22mattach gateway command[2m > [22mvalidation[2m > [22mrequires gateway flag[33m 2549[2mms[22m[39m
 [32m✓[39m src/cli/commands/attach/__tests__/attach-agent.test.ts[2m > [22mattach agent command[2m > [22mattach operations[2m > [22mrejects non-existent source[33m 2540[2mms[22m[39m
 [32m✓[39m src/cli/commands/remove/__tests__/remove.test.ts[2m > [22mremove command[2m > [22mvalidation[2m > [22mrequires name for JSON output[33m 2662[2mms[22m[39m
 [31m×[39m src/cli/commands/remove/__tests__/removal-policy-restrict.test.ts[2m > [22mremoval policy restrict[2m > [22midentity restrict[2m > [22mblocks removal when identity has users[33m 15000[2mms[22m[39m
[31m   → Test timed out in 15000ms.
If this is a long-running test, pass a timeout value as the last argument or configure it globally with "testTimeout".[39m
 [32m✓[39m src/cli/commands/add/__tests__/add-target.test.ts[2m > [22madd target command[2m > [22mrejects invalid account ID[33m 2514[2mms[22m[39m
 [32m✓[39m src/cli/commands/add/__tests__/add-agent.test.ts[2m > [22madd agent command[2m > [22mcreate path[2m > [22mcreates agent with valid inputs[33m 2769[2mms[22m[39m
 [32m✓[39m src/cli/commands/attach/__tests__/attach-gateway.test.ts[2m > [22mattach gateway command[2m > [22mattach operations[2m > [22mattaches gateway to agent[33m 2713[2mms[22m[39m
 [32m✓[39m src/cli/commands/remove/__tests__/remove.test.ts[2m > [22mremove command[2m > [22mremove target[2m > [22mrejects non-existent target[33m 2694[2mms[22m[39m
 [32m✓[39m src/cli/commands/add/__tests__/add-target.test.ts[2m > [22madd target command[2m > [22mrejects invalid region name[33m 2802[2mms[22m[39m
 [32m✓[39m src/cli/commands/add/__tests__/add-gateway.test.ts[2m > [22madd gateway command[2m > [22mbasic gateway[2m > [22mrejects duplicate gateway name[33m 5350[2mms[22m[39m
 [32m✓[39m src/cli/commands/add/__tests__/add-agent.test.ts[2m > [22madd agent command[2m > [22mcreate path[2m > [22mrequires all create path options[33m 2800[2mms[22m[39m
 [32m✓[39m src/cli/commands/attach/__tests__/attach-gateway.test.ts[2m > [22mattach gateway command[2m > [22mattach operations[2m > [22mrejects non-existent agent[33m 2767[2mms[22m[39m
 [32m✓[39m src/cli/commands/remove/__tests__/remove.test.ts[2m > [22mremove command[2m > [22mremove target[2m > [22mremoves existing target[33m 2796[2mms[22m[39m
 [32m✓[39m src/cli/commands/destroy/__tests__/destroy.test.ts[2m > [22mdestroy command[2m > [22mvalidation[2m > [22mrequires --target flag for CLI mode[33m 3043[2mms[22m[39m
 [32m✓[39m src/cli/commands/add/__tests__/add-target.test.ts[2m > [22madd target command[2m > [22mrequires all flags[33m 2668[2mms[22m[39m
 [32m✓[39m src/cli/commands/add/__tests__/add-gateway.test.ts[2m > [22madd gateway command[2m > [22mJWT authorizer[2m > [22mcreates gateway with CUSTOM_JWT authorizer[33m 2604[2mms[22m[39m
 [31m×[39m integ-tests/create-no-agent.test.ts[2m > [22mintegration: create without agent[2m > [22mcreates project with real npm install and git init[33m 11449[2mms[22m[39m
[31m   → stderr: 

1 !== 0
[39m
 [32m✓[39m src/cli/commands/add/__tests__/add-agent.test.ts[2m > [22madd agent command[2m > [22mcreate path[2m > [22mvalidates framework[33m 2632[2mms[22m[39m
 [31m×[39m src/cli/commands/invoke/__tests__/invoke.test.ts[2m > [22minvoke command[2m > [22mvalidation[2m > [22mrequires prompt for JSON output[33m 2743[2mms[22m[39m
[31m   → Expected values to be strictly equal:

0 !== 1
[39m
 [32m✓[39m src/cli/commands/remove/__tests__/remove.test.ts[2m > [22mremove command[2m > [22mremove agent[2m > [22mrejects non-existent agent[33m 2615[2mms[22m[39m
 [32m✓[39m src/cli/commands/destroy/__tests__/destroy.test.ts[2m > [22mdestroy command[2m > [22mvalidation[2m > [22mshows JSON error for whitespace-only target[33m 2672[2mms[22m[39m
 [32m✓[39m src/cli/commands/add/__tests__/add-gateway.test.ts[2m > [22madd gateway command[2m > [22mJWT authorizer[2m > [22mrequires JWT fields when CUSTOM_JWT[33m 2753[2mms[22m[39m
 [32m✓[39m src/cli/commands/add/__tests__/add-agent.test.ts[2m > [22madd agent command[2m > [22mcreate path[2m > [22mrejects TypeScript for create path[33m 2494[2mms[22m[39m
 [32m✓[39m src/cli/commands/remove/__tests__/remove.test.ts[2m > [22mremove command[2m > [22mremove agent[2m > [22mremoves existing agent[33m 2438[2mms[22m[39m
 [31m×[39m src/cli/commands/invoke/__tests__/invoke.test.ts[2m > [22minvoke command[2m > [22mvalidation[2m > [22mrequires target for JSON output[33m 2519[2mms[22m[39m
[31m   → Error should mention --target: No deployed targets found. Run `agentcore deploy` first.[39m
 [32m✓[39m src/cli/commands/remove/__tests__/remove-mcp-tool.test.ts[2m > [22mremove mcp-tool command[2m > [22mvalidation[2m > [22mrequires name flag[33m 2357[2mms[22m[39m
 [32m✓[39m src/cli/commands/destroy/__tests__/destroy.test.ts[2m > [22mdestroy command[2m > [22mtarget discovery[2m > [22mreturns error for non-existent target[33m 2397[2mms[22m[39m
 [32m✓[39m src/cli/commands/add/__tests__/add-gateway.test.ts[2m > [22madd gateway command[2m > [22mJWT authorizer[2m > [22mvalidates discovery URL format[33m 2111[2mms[22m[39m
 [32m✓[39m src/cli/commands/add/__tests__/add-agent.test.ts[2m > [22madd agent command[2m > [22mcreate path[2m > [22mvalidates framework/model compatibility[33m 2442[2mms[22m[39m
 [32m✓[39m src/cli/commands/invoke/__tests__/invoke.test.ts[2m > [22minvoke command[2m > [22magent/target validation[2m > [22mrejects non-existent agent[33m 2577[2mms[22m[39m
 [32m✓[39m src/cli/commands/remove/__tests__/remove-mcp-tool.test.ts[2m > [22mremove mcp-tool command[2m > [22mvalidation[2m > [22mrejects non-existent tool[33m 2477[2mms[22m[39m
 [32m✓[39m src/cli/commands/destroy/__tests__/destroy.test.ts[2m > [22mdestroy command[2m > [22mtarget discovery[2m > [22mreturns error for target that exists but is not deployed[33m 2620[2mms[22m[39m
 [32m✓[39m src/cli/commands/attach/__tests__/attach-identity.test.ts[2m > [22mattach identity command[2m > [22mvalidation[2m > [22mrequires agent flag[33m 2231[2mms[22m[39m
 [31m×[39m src/cli/commands/remove/__tests__/removal-policy-restrict.test.ts[2m > [22mremoval policy restrict[2m > [22magent restrict[2m > [22mblocks removal when agent is referenced by others[33m 14347[2mms[22m[39m
[31m   → Expected values to be strictly equal:

0 !== 1
[39m
 [32m✓[39m src/cli/commands/invoke/__tests__/invoke.test.ts[2m > [22minvoke command[2m > [22mstreaming[2m > [22mcommand accepts --stream flag[33m 2125[2mms[22m[39m
 [32m✓[39m src/cli/commands/destroy/__tests__/destroy.test.ts[2m > [22mdestroy command[2m > [22mcommand registration[2m > [22mcommand is registered and works[33m 2165[2mms[22m[39m
 [32m✓[39m src/cli/commands/attach/__tests__/attach-identity.test.ts[2m > [22mattach identity command[2m > [22mvalidation[2m > [22mrequires identity flag[33m 1598[2mms[22m[39m
 [32m✓[39m src/cli/commands/add/__tests__/add-memory.test.ts[2m > [22madd memory command[2m > [22mvalidation[2m > [22mrequires name flag[33m 1633[2mms[22m[39m
 [32m✓[39m src/cli/commands/add/__tests__/add-agent.test.ts[2m > [22madd agent command[2m > [22mcreate path[2m > [22mrejects duplicate agent name[33m 3660[2mms[22m[39m
 [32m✓[39m src/cli/commands/invoke/__tests__/invoke.test.ts[2m > [22minvoke command[2m > [22mstreaming[2m > [22m--stream works with --agent flag[33m 1600[2mms[22m[39m
 [31m×[39m src/cli/commands/remove/__tests__/remove-mcp-tool.test.ts[2m > [22mremove mcp-tool command[2m > [22mremove mcp-runtime tool[2m > [22mremoves mcp-runtime tool and cleans up agent references[33m 3629[2mms[22m[39m
[31m   → stdout: {"success":false,"error":"MCP tool 'temp-rt-1769792760950' not found"}

1 !== 0
[39m
 [32m✓[39m src/cli/commands/destroy/__tests__/destroy.test.ts[2m > [22mdestroy command[2m > [22mcommand registration[2m > [22malias x works[33m 1650[2mms[22m[39m
 [32m✓[39m src/cli/commands/remove/__tests__/remove-gateway.test.ts[2m > [22mremove gateway command[2m > [22mvalidation[2m > [22mrequires name flag[33m 1633[2mms[22m[39m
 [32m✓[39m src/cli/commands/attach/__tests__/attach-identity.test.ts[2m > [22mattach identity command[2m > [22mattach operations[2m > [22mattaches identity to agent[33m 1705[2mms[22m[39m
 [32m✓[39m src/cli/commands/add/__tests__/add-memory.test.ts[2m > [22madd memory command[2m > [22mvalidation[2m > [22mrequires strategies flag[33m 1759[2mms[22m[39m
 [31m×[39m integ-tests/create-with-agent.test.ts[2m > [22mintegration: create with Python agent[2m > [22mcreates project with real uv venv and sync[33m 6493[2mms[22m[39m
[31m   → stderr: 

1 !== 0
[39m
 [31m×[39m integ-tests/invoke-agent.test.ts[2m > [22mintegration: invoke agent[2m > [22minvokes agent and receives response[32m 3[2mms[22m[39m
[31m   → Project should have been created[39m
 [32m✓[39m src/cli/commands/add/__tests__/add-agent.test.ts[2m > [22madd agent command[2m > [22mBYO path[2m > [22mregisters BYO agent[33m 1935[2mms[22m[39m
 [32m✓[39m src/cli/tui/utils/__tests__/process.test.ts[2m > [22mcleanupStaleLockFiles[2m > [22mremoves lock files older than 5 minutes[32m 6[2mms[22m[39m
 [32m✓[39m src/cli/tui/utils/__tests__/process.test.ts[2m > [22mcleanupStaleLockFiles[2m > [22mremoves young lock files from dead processes[32m 3[2mms[22m[39m
 [32m✓[39m src/cli/tui/utils/__tests__/process.test.ts[2m > [22mcleanupStaleLockFiles[2m > [22mkeeps young lock files from live processes[32m 5[2mms[22m[39m
 [31m×[39m src/cli/tui/utils/__tests__/process.test.ts[2m > [22mcleanupStaleLockFiles[2m > [22mremoves old synth.lock files[32m 11[2mms[22m[39m
[31m   → Old synth.lock should be removed

true !== false
[39m
 [32m✓[39m src/cli/tui/utils/__tests__/process.test.ts[2m > [22mcleanupStaleLockFiles[2m > [22mhandles missing directory gracefully[32m 2[2mms[22m[39m
 [32m✓[39m src/cli/tui/utils/__tests__/process.test.ts[2m > [22mcleanupStaleLockFiles[2m > [22mdoes not remove non-lock files[32m 7[2mms[22m[39m
 [32m✓[39m src/schema/schemas/__tests__/zod-util.test.ts[2m > [22mzod-util[2m > [22muniqueBy[2m > [22mpasses validation for unique arrays[32m 3[2mms[22m[39m
 [32m✓[39m src/schema/schemas/__tests__/zod-util.test.ts[2m > [22mzod-util[2m > [22muniqueBy[2m > [22mdetects duplicate at correct index[32m 1[2mms[22m[39m
 [32m✓[39m src/schema/schemas/__tests__/zod-util.test.ts[2m > [22mzod-util[2m > [22muniqueBy[2m > [22muses custom error message[32m 0[2mms[22m[39m
 [32m✓[39m src/schema/schemas/__tests__/zod-util.test.ts[2m > [22mzod-util[2m > [22muniqueBy[2m > [22mpasses validation for empty array[32m 0[2mms[22m[39m
 [32m✓[39m src/schema/schemas/__tests__/zod-util.test.ts[2m > [22mzod-util[2m > [22muniqueBy[2m > [22mpasses validation for single element[32m 0[2mms[22m[39m
 [32m✓[39m src/schema/schemas/__tests__/zod-util.test.ts[2m > [22mzod-util[2m > [22muniqueBy[2m > [22mflags multiple duplicates at each subsequent occurrence[32m 0[2mms[22m[39m
 [32m✓[39m src/schema/schemas/__tests__/zod-util.test.ts[2m > [22mzod-util[2m > [22muniqueBy[2m > [22mnever flags first occurrence[32m 0[2mms[22m[39m
 [32m✓[39m src/schema/schemas/__tests__/zod-util.test.ts[2m > [22mzod-util[2m > [22muniqueBy[2m > [22mworks with different key functions[32m 1[2mms[22m[39m
 [32m✓[39m src/schema/schemas/__tests__/zod-util.test.ts[2m > [22mzod-util[2m > [22muniqueBy[2m > [22mflags all subsequent occurrences when all elements have same key[32m 1[2mms[22m[39m
 [32m✓[39m src/cli/commands/invoke/__tests__/invoke.test.ts[2m > [22minvoke command[2m > [22mstreaming[2m > [22m--stream with invalid agent returns error[33m 2003[2mms[22m[39m
 [32m✓[39m src/cli/commands/remove/__tests__/remove-gateway.test.ts[2m > [22mremove gateway command[2m > [22mvalidation[2m > [22mrejects non-existent gateway[33m 1762[2mms[22m[39m
 [32m✓[39m src/cli/commands/add/__tests__/validate.test.ts[2m > [22mvalidate[2m > [22mvalidateAddAgentOptions[2m > [22mreturns error for missing required fields[32m 1[2mms[22m[39m
 [32m✓[39m src/cli/commands/add/__tests__/validate.test.ts[2m > [22mvalidate[2m > [22mvalidateAddAgentOptions[2m > [22mreturns error for invalid schema values[32m 1[2mms[22m[39m
 [32m✓[39m src/cli/commands/add/__tests__/validate.test.ts[2m > [22mvalidate[2m > [22mvalidateAddAgentOptions[2m > [22mreturns error for incompatible framework and model provider[32m 0[2mms[22m[39m
 [32m✓[39m src/cli/commands/add/__tests__/validate.test.ts[2m > [22mvalidate[2m > [22mvalidateAddAgentOptions[2m > [22mreturns error for BYO path without codeLocation[32m 0[2mms[22m[39m
 [32m✓[39m src/cli/commands/add/__tests__/validate.test.ts[2m > [22mvalidate[2m > [22mvalidateAddAgentOptions[2m > [22mreturns error for create path with TypeScript or Other[32m 0[2mms[22m[39m
 [32m✓[39m src/cli/commands/add/__tests__/validate.test.ts[2m > [22mvalidate[2m > [22mvalidateAddAgentOptions[2m > [22mreturns error for create path without memory or invalid memory[32m 0[2mms[22m[39m
 [32m✓[39m src/cli/commands/add/__tests__/validate.test.ts[2m > [22mvalidate[2m > [22mvalidateAddAgentOptions[2m > [22mpasses for valid options[32m 0[2mms[22m[39m
 [32m✓[39m src/cli/commands/add/__tests__/validate.test.ts[2m > [22mvalidate[2m > [22mvalidateAddGatewayOptions[2m > [22mreturns error for missing name[32m 0[2mms[22m[39m
 [32m✓[39m src/cli/commands/add/__tests__/validate.test.ts[2m > [22mvalidate[2m > [22mvalidateAddGatewayOptions[2m > [22mreturns error for invalid gateway name[32m 0[2mms[22m[39m
 [32m✓[39m src/cli/commands/add/__tests__/validate.test.ts[2m > [22mvalidate[2m > [22mvalidateAddGatewayOptions[2m > [22mreturns error for invalid authorizerType[32m 0[2mms[22m[39m
 [32m✓[39m src/cli/commands/add/__tests__/validate.test.ts[2m > [22mvalidate[2m > [22mvalidateAddGatewayOptions[2m > [22mreturns error for CUSTOM_JWT missing required fields[32m 0[2mms[22m[39m
 [32m✓[39m src/cli/commands/add/__tests__/validate.test.ts[2m > [22mvalidate[2m > [22mvalidateAddGatewayOptions[2m > [22mreturns error for invalid discoveryUrl[32m 0[2mms[22m[39m
 [32m✓[39m src/cli/commands/add/__tests__/validate.test.ts[2m > [22mvalidate[2m > [22mvalidateAddGatewayOptions[2m > [22mreturns error for empty audience or clients[32m 0[2mms[22m[39m
 [32m✓[39m src/cli/commands/add/__tests__/validate.test.ts[2m > [22mvalidate[2m > [22mvalidateAddGatewayOptions[2m > [22mpasses for valid options[32m 0[2mms[22m[39m
 [32m✓[39m src/cli/commands/add/__tests__/validate.test.ts[2m > [22mvalidate[2m > [22mvalidateAddMcpToolOptions[2m > [22mreturns error for missing required fields[32m 0[2mms[22m[39m
 [32m✓[39m src/cli/commands/add/__tests__/validate.test.ts[2m > [22mvalidate[2m > [22mvalidateAddMcpToolOptions[2m > [22mreturns error for invalid values[32m 0[2mms[22m[39m
 [32m✓[39m src/cli/commands/add/__tests__/validate.test.ts[2m > [22mvalidate[2m > [22mvalidateAddMcpToolOptions[2m > [22mreturns error for mcp-runtime without agents[32m 0[2mms[22m[39m
 [32m✓[39m src/cli/commands/add/__tests__/validate.test.ts[2m > [22mvalidate[2m > [22mvalidateAddMcpToolOptions[2m > [22mreturns error for behind-gateway missing gateway, host, or invalid host[32m 0[2mms[22m[39m
 [32m✓[39m src/cli/commands/add/__tests__/validate.test.ts[2m > [22mvalidate[2m > [22mvalidateAddMcpToolOptions[2m > [22mpasses for valid options[32m 0[2mms[22m[39m
 [32m✓[39m src/cli/commands/add/__tests__/validate.test.ts[2m > [22mvalidate[2m > [22mvalidateAddMemoryOptions[2m > [22mreturns error for missing required fields[32m 0[2mms[22m[39m
 [32m✓[39m src/cli/commands/add/__tests__/validate.test.ts[2m > [22mvalidate[2m > [22mvalidateAddMemoryOptions[2m > [22mreturns error for invalid or empty strategies[32m 0[2mms[22m[39m
 [32m✓[39m src/cli/commands/add/__tests__/validate.test.ts[2m > [22mvalidate[2m > [22mvalidateAddMemoryOptions[2m > [22mpasses for valid options[32m 0[2mms[22m[39m
 [32m✓[39m src/cli/commands/add/__tests__/validate.test.ts[2m > [22mvalidate[2m > [22mvalidateAddIdentityOptions[2m > [22mreturns error for missing required fields[32m 0[2mms[22m[39m
 [32m✓[39m src/cli/commands/add/__tests__/validate.test.ts[2m > [22mvalidate[2m > [22mvalidateAddIdentityOptions[2m > [22mreturns error for unsupported type[32m 0[2mms[22m[39m
 [32m✓[39m src/cli/commands/add/__tests__/validate.test.ts[2m > [22mvalidate[2m > [22mvalidateAddIdentityOptions[2m > [22mpasses for valid options[32m 0[2mms[22m[39m
 [32m✓[39m src/cli/commands/attach/__tests__/attach-identity.test.ts[2m > [22mattach identity command[2m > [22mattach operations[2m > [22mrejects non-existent agent[33m 1693[2mms[22m[39m
 [32m✓[39m src/cli/commands/add/__tests__/add-memory.test.ts[2m > [22madd memory command[2m > [22mvalidation[2m > [22mrequires owner flag[33m 1575[2mms[22m[39m
 [32m✓[39m src/cli/__tests__/errors.test.ts[2m > [22merrors[2m > [22mgetErrorMessage[2m > [22mreturns message from Error instance[32m 1[2mms[22m[39m
 [32m✓[39m src/cli/__tests__/errors.test.ts[2m > [22merrors[2m > [22mgetErrorMessage[2m > [22mreturns string for non-Error values[32m 0[2mms[22m[39m
 [32m✓[39m src/cli/__tests__/errors.test.ts[2m > [22merrors[2m > [22misExpiredTokenError[2m > [22mreturns true for all SDK v3 error names[32m 0[2mms[22m[39m
 [32m✓[39m src/cli/__tests__/errors.test.ts[2m > [22merrors[2m > [22misExpiredTokenError[2m > [22mreturns true for all error Code properties[32m 0[2mms[22m[39m
 [32m✓[39m src/cli/__tests__/errors.test.ts[2m > [22merrors[2m > [22misExpiredTokenError[2m > [22mreturns true for nested cause with error name[32m 0[2mms[22m[39m
 [32m✓[39m src/cli/__tests__/errors.test.ts[2m > [22merrors[2m > [22misExpiredTokenError[2m > [22mreturns true for double-nested cause[32m 0[2mms[22m[39m
 [32m✓[39m src/cli/__tests__/errors.test.ts[2m > [22merrors[2m > [22misExpiredTokenError[2m > [22mreturns true for nested cause with Code[32m 0[2mms[22m[39m
 [32m✓[39m src/cli/__tests__/errors.test.ts[2m > [22merrors[2m > [22misExpiredTokenError[2m > [22mreturns true for message patterns[32m 0[2mms[22m[39m
 [32m✓[39m src/cli/__tests__/errors.test.ts[2m > [22merrors[2m > [22misExpiredTokenError[2m > [22mreturns false for non-expired errors[32m 0[2mms[22m[39m
 [32m✓[39m src/cli/__tests__/errors.test.ts[2m > [22merrors[2m > [22misExpiredTokenError[2m > [22mreturns false for edge cases[32m 0[2mms[22m[39m
 [32m✓[39m src/cli/__tests__/errors.test.ts[2m > [22merrors[2m > [22misNoCredentialsError[2m > [22mreturns true for AwsCredentialsError[32m 0[2mms[22m[39m
 [32m✓[39m src/cli/__tests__/errors.test.ts[2m > [22merrors[2m > [22misNoCredentialsError[2m > [22mreturns true for message patterns[32m 0[2mms[22m[39m
 [32m✓[39m src/cli/__tests__/errors.test.ts[2m > [22merrors[2m > [22misNoCredentialsError[2m > [22mreturns false for other errors[32m 0[2mms[22m[39m
 [32m✓[39m src/cli/__tests__/errors.test.ts[2m > [22merrors[2m > [22misNoCredentialsError[2m > [22mreturns false for edge cases[32m 0[2mms[22m[39m
 [32m✓[39m src/cli/__tests__/errors.test.ts[2m > [22merrors[2m > [22misStackInProgressError[2m > [22mreturns true for in-progress states[32m 0[2mms[22m[39m
 [32m✓[39m src/cli/__tests__/errors.test.ts[2m > [22merrors[2m > [22misStackInProgressError[2m > [22mreturns true for state and cannot be updated pattern[32m 0[2mms[22m[39m
 [32m✓[39m src/cli/__tests__/errors.test.ts[2m > [22merrors[2m > [22misStackInProgressError[2m > [22mreturns true for currently being updated[32m 0[2mms[22m[39m
 [32m✓[39m src/cli/__tests__/errors.test.ts[2m > [22merrors[2m > [22misStackInProgressError[2m > [22mreturns false for other errors[32m 0[2mms[22m[39m
 [32m✓[39m src/cli/__tests__/errors.test.ts[2m > [22merrors[2m > [22misStackInProgressError[2m > [22mreturns false for edge cases[32m 0[2mms[22m[39m
 [32m✓[39m src/cli/commands/update/__tests__/update.test.ts[2m > [22mupdate[2m > [22mcompareVersions[2m > [22mreturns 0 for equal versions[32m 0[2mms[22m[39m
 [32m✓[39m src/cli/commands/update/__tests__/update.test.ts[2m > [22mupdate[2m > [22mcompareVersions[2m > [22mreturns 1 when latest is newer (update available)[32m 0[2mms[22m[39m
 [32m✓[39m src/cli/commands/update/__tests__/update.test.ts[2m > [22mupdate[2m > [22mcompareVersions[2m > [22mreturns -1 when current is newer (local ahead)[32m 0[2mms[22m[39m
 [32m✓[39m src/cli/commands/update/__tests__/update.test.ts[2m > [22mupdate[2m > [22mcompareVersions[2m > [22mhandles missing patch version[32m 0[2mms[22m[39m
 [32m✓[39m src/cli/commands/update/__tests__/update.test.ts[2m > [22mupdate[2m > [22mcompareVersions[2m > [22mcompares major version first[32m 0[2mms[22m[39m
 [32m✓[39m src/cli/commands/add/__tests__/add-agent.test.ts[2m > [22madd agent command[2m > [22mBYO path[2m > [22mrequires code-location for BYO path[33m 1374[2mms[22m[39m
 [32m✓[39m src/cli/commands/attach/__tests__/attach-memory.test.ts[2m > [22mattach memory command[2m > [22mvalidation[2m > [22mrequires agent flag[33m 1301[2mms[22m[39m
 [31m×[39m src/cli/commands/remove/__tests__/remove-mcp-tool.test.ts[2m > [22mremove mcp-tool command[2m > [22mremove behind-gateway tool[2m > [22mremoves behind-gateway tool from gateway targets[33m 3276[2mms[22m[39m
[31m   → stdout: {"success":false,"error":"MCP tool 'temp-gw-1769792764580' not found"}

1 !== 0
[39m
 [31m×[39m src/cli/commands/invoke/__tests__/invoke.test.ts[2m > [22minvoke command[2m > [22mstreaming[2m > [22mrequires prompt for streaming[33m 1336[2mms[22m[39m
[31m   → Expected values to be strictly equal:

0 !== 1
[39m
 [32m✓[39m src/cli/commands/add/__tests__/add-memory.test.ts[2m > [22madd memory command[2m > [22mvalidation[2m > [22mvalidates strategy types[33m 1019[2mms[22m[39m
 [32m✓[39m src/cli/commands/attach/__tests__/attach-memory.test.ts[2m > [22mattach memory command[2m > [22mvalidation[2m > [22mrequires memory flag[33m 885[2mms[22m[39m
 [32m✓[39m src/cli/commands/add/__tests__/add-memory.test.ts[2m > [22madd memory command[2m > [22mmemory creation[2m > [22mcreates memory with owner[33m 908[2mms[22m[39m
 [32m✓[39m src/cli/commands/remove/__tests__/remove-gateway.test.ts[2m > [22mremove gateway command[2m > [22mremove operations[2m > [22mremoves gateway without dependencies[33m 2084[2mms[22m[39m
 [31m×[39m integ-tests/dev-server.test.ts[2m > [22mintegration: dev server[2m > [22mstarts dev server and responds to health check[32m 2[2mms[22m[39m
[31m   → Project should have been created[39m
 [32m✓[39m src/cli/commands/attach/__tests__/attach-memory.test.ts[2m > [22mattach memory command[2m > [22mvalidation[2m > [22mvalidates access value[33m 907[2mms[22m[39m
 [32m✓[39m src/cli/commands/add/__tests__/add-memory.test.ts[2m > [22madd memory command[2m > [22mmemory creation[2m > [22mcreates memory with owner and users[33m 933[2mms[22m[39m
 [32m✓[39m src/cli/commands/remove/__tests__/remove-memory.test.ts[2m > [22mremove memory command[2m > [22mvalidation[2m > [22mrequires name flag[33m 751[2mms[22m[39m
 [32m✓[39m src/cli/commands/attach/__tests__/attach-memory.test.ts[2m > [22mattach memory command[2m > [22mattach operations[2m > [22mattaches memory to agent[33m 794[2mms[22m[39m
 [32m✓[39m src/cli/commands/remove/__tests__/remove-memory.test.ts[2m > [22mremove memory command[2m > [22mvalidation[2m > [22mrejects non-existent memory[33m 864[2mms[22m[39m
 [32m✓[39m src/cli/commands/add/__tests__/add-memory.test.ts[2m > [22madd memory command[2m > [22mmemory creation[2m > [22mcreates memory with multiple strategies[33m 898[2mms[22m[39m
 [31m×[39m src/cli/commands/remove/__tests__/remove-gateway.test.ts[2m > [22mremove gateway command[2m > [22mremove operations[2m > [22mblocks removal when gateway has attached agents[33m 1833[2mms[22m[39m
[31m   → Expected values to be strictly equal:

0 !== 1
[39m
 [31m×[39m integ-tests/deploy.test.ts[2m > [22mintegration: deploy[2m > [22mdeploys to AWS successfully[32m 2[2mms[22m[39m
[31m   → Project should have been created[39m
 [32m✓[39m src/cli/commands/attach/__tests__/attach-memory.test.ts[2m > [22mattach memory command[2m > [22mattach operations[2m > [22muses specified access level[33m 801[2mms[22m[39m
 [32m✓[39m src/cli/commands/add/__tests__/add-memory.test.ts[2m > [22madd memory command[2m > [22mmemory creation[2m > [22mcreates memory with custom expiry[33m 751[2mms[22m[39m
 [32m✓[39m src/cli/commands/attach/__tests__/attach-memory.test.ts[2m > [22mattach memory command[2m > [22mattach operations[2m > [22mrejects non-existent agent[33m 656[2mms[22m[39m
 [31m×[39m src/cli/commands/remove/__tests__/remove-memory.test.ts[2m > [22mremove memory command[2m > [22mremove operations[2m > [22mremoves memory without users[33m 1386[2mms[22m[39m
[31m   → stdout: {"success":false,"error":"Memory \"temp-mem-1769792770811\" not found."}

1 !== 0
[39m
 [31m×[39m src/cli/commands/remove/__tests__/remove-memory.test.ts[2m > [22mremove memory command[2m > [22mremove operations[2m > [22mblocks removal when memory has users[33m 1249[2mms[22m[39m
[31m   → Expected values to be strictly equal:

0 !== 1
[39m

[31m⎯⎯⎯⎯⎯⎯[39m[1m[41m Failed Tests 26 [49m[22m[31m⎯⎯⎯⎯⎯⎯⎯[39m

[41m[1m FAIL [22m[49m integ-tests/create-no-agent.test.ts[2m > [22mintegration: create without agent[2m > [22mcreates project with real npm install and git init
[31m[1mAssertionError[22m: stderr: 

1 !== 0
[39m

[32m- Expected[39m
[31m+ Received[39m

[32m- 0[39m
[31m+ 1[39m

[36m [2m❯[22m integ-tests/create-no-agent.test.ts:[2m38:12[22m[39m
    [90m 36| [39m    const result = await runCLI(['create', '--name', name, '--no-agent…
    [90m 37| [39m
    [90m 38| [39m    assert[33m.[39m[34mstrictEqual[39m(result[33m.[39mexitCode[33m,[39m [34m0[39m[33m,[39m [32m`stderr: [39m[36m${[39mresult[33m.[39mstderr[36m}[39m[32m`[39m)[33m;[39m
    [90m   | [39m           [31m^[39m
    [90m 39| [39m
    [90m 40| [39m    [35mconst[39m json [33m=[39m [33mJSON[39m[33m.[39m[34mparse[39m(result[33m.[39mstdout)[33m;[39m

[31m[2m⎯⎯⎯⎯⎯⎯⎯⎯⎯⎯⎯⎯⎯⎯⎯⎯⎯⎯⎯⎯⎯⎯⎯[1/26]⎯[22m[39m

[41m[1m FAIL [22m[49m integ-tests/create-with-agent.test.ts[2m > [22mintegration: create with Python agent[2m > [22mcreates project with real uv venv and sync
[31m[1mAssertionError[22m: stderr: 

1 !== 0
[39m

[32m- Expected[39m
[31m+ Received[39m

[32m- 0[39m
[31m+ 1[39m

[36m [2m❯[22m integ-tests/create-with-agent.test.ts:[2m56:12[22m[39m
    [90m 54| [39m    )[33m;[39m
    [90m 55| [39m
    [90m 56| [39m    assert[33m.[39m[34mstrictEqual[39m(result[33m.[39mexitCode[33m,[39m [34m0[39m[33m,[39m [32m`stderr: [39m[36m${[39mresult[33m.[39mstderr[36m}[39m[32m`[39m)[33m;[39m
    [90m   | [39m           [31m^[39m
    [90m 57| [39m
    [90m 58| [39m    [35mconst[39m json [33m=[39m [33mJSON[39m[33m.[39m[34mparse[39m(result[33m.[39mstdout)[33m;[39m

[31m[2m⎯⎯⎯⎯⎯⎯⎯⎯⎯⎯⎯⎯⎯⎯⎯⎯⎯⎯⎯⎯⎯⎯⎯[2/26]⎯[22m[39m

[41m[1m FAIL [22m[49m integ-tests/deploy.test.ts[2m > [22mintegration: deploy[2m > [22mdeploys to AWS successfully
[31m[1mAssertionError[22m: Project should have been created[39m
[36m [2m❯[22m integ-tests/deploy.test.ts:[2m102:14[22m[39m
    [90m100| [39m    [32m'deploys to AWS successfully'[39m[33m,[39m
    [90m101| [39m    [35masync[39m () [33m=>[39m {
    [90m102| [39m      assert[33m.[39m[34mok[39m(projectPath[33m,[39m [32m'Project should have been created'[39m)[33m;[39m
    [90m   | [39m             [31m^[39m
    [90m103| [39m
    [90m104| [39m      const result = await runCLI(['deploy', '--target', targetName, '…

[31m[2m⎯⎯⎯⎯⎯⎯⎯⎯⎯⎯⎯⎯⎯⎯⎯⎯⎯⎯⎯⎯⎯⎯⎯[3/26]⎯[22m[39m

[41m[1m FAIL [22m[49m integ-tests/dev-server.test.ts[2m > [22mintegration: dev server[2m > [22mstarts dev server and responds to health check
[31m[1mAssertionError[22m: Project should have been created[39m
[36m [2m❯[22m integ-tests/dev-server.test.ts:[2m91:14[22m[39m
    [90m 89| [39m    [32m'starts dev server and responds to health check'[39m[33m,[39m
    [90m 90| [39m    [35masync[39m () [33m=>[39m {
    [90m 91| [39m      assert[33m.[39m[34mok[39m(projectPath[33m,[39m [32m'Project should have been created'[39m)[33m;[39m
    [90m   | [39m             [31m^[39m
    [90m 92| [39m
    [90m 93| [39m      [35mconst[39m cliPath [33m=[39m [34mjoin[39m(__dirname[33m,[39m [32m'..'[39m[33m,[39m [32m'src'[39m[33m,[39m [32m'cli'[39m[33m,[39m [32m'index.ts'[39m)[33m;[39m

[31m[2m⎯⎯⎯⎯⎯⎯⎯⎯⎯⎯⎯⎯⎯⎯⎯⎯⎯⎯⎯⎯⎯⎯⎯[4/26]⎯[22m[39m

[41m[1m FAIL [22m[49m integ-tests/invoke-agent.test.ts[2m > [22mintegration: invoke agent[2m > [22minvokes agent and receives response
[31m[1mAssertionError[22m: Project should have been created[39m
[36m [2m❯[22m integ-tests/invoke-agent.test.ts:[2m67:14[22m[39m
    [90m 65| [39m    [32m'invokes agent and receives response'[39m[33m,[39m
    [90m 66| [39m    [35masync[39m () [33m=>[39m {
    [90m 67| [39m      assert[33m.[39m[34mok[39m(projectPath[33m,[39m [32m'Project should have been created'[39m)[33m;[39m
    [90m   | [39m             [31m^[39m
    [90m 68| [39m
    [90m 69| [39m      [35mconst[39m result [33m=[39m [35mawait[39m [34mrunCLI[39m(

[31m[2m⎯⎯⎯⎯⎯⎯⎯⎯⎯⎯⎯⎯⎯⎯⎯⎯⎯⎯⎯⎯⎯⎯⎯[5/26]⎯[22m[39m

[41m[1m FAIL [22m[49m src/cli/commands/invoke/__tests__/invoke.test.ts[2m > [22minvoke command[2m > [22mvalidation[2m > [22mrequires prompt for JSON output
[31m[1mAssertionError[22m: Expected values to be strictly equal:

0 !== 1
[39m

[32m- Expected[39m
[31m+ Received[39m

[32m- 1[39m
[31m+ 0[39m

[36m [2m❯[22m src/cli/commands/invoke/__tests__/invoke.test.ts:[2m59:14[22m[39m
    [90m 57| [39m    [34mit[39m([32m'requires prompt for JSON output'[39m[33m,[39m [35masync[39m () [33m=>[39m {
    [90m 58| [39m      const result = await runCLI(['invoke', '--json', '--target', 'te…
    [90m 59| [39m      assert[33m.[39m[34mstrictEqual[39m(result[33m.[39mexitCode[33m,[39m [34m1[39m)[33m;[39m
    [90m   | [39m             [31m^[39m
    [90m 60| [39m      [35mconst[39m json [33m=[39m [33mJSON[39m[33m.[39m[34mparse[39m(result[33m.[39mstdout)[33m;[39m
    [90m 61| [39m      assert[33m.[39m[34mstrictEqual[39m(json[33m.[39msuccess[33m,[39m [35mfalse[39m)[33m;[39m

[31m[2m⎯⎯⎯⎯⎯⎯⎯⎯⎯⎯⎯⎯⎯⎯⎯⎯⎯⎯⎯⎯⎯⎯⎯[6/26]⎯[22m[39m

[41m[1m FAIL [22m[49m src/cli/commands/invoke/__tests__/invoke.test.ts[2m > [22minvoke command[2m > [22mvalidation[2m > [22mrequires target for JSON output
[31m[1mAssertionError[22m: Error should mention --target: No deployed targets found. Run `agentcore deploy` first.[39m

[32m- Expected[39m
[31m+ Received[39m

[32m- true[39m
[31m+ false[39m

[36m [2m❯[22m src/cli/commands/invoke/__tests__/invoke.test.ts:[2m70:14[22m[39m
    [90m 68| [39m      [35mconst[39m json [33m=[39m [33mJSON[39m[33m.[39m[34mparse[39m(result[33m.[39mstdout)[33m;[39m
    [90m 69| [39m      assert[33m.[39m[34mstrictEqual[39m(json[33m.[39msuccess[33m,[39m [35mfalse[39m)[33m;[39m
    [90m 70| [39m      assert.ok(json.error.includes('--target'), `Error should mention…
    [90m   | [39m             [31m^[39m
    [90m 71| [39m    })[33m;[39m
    [90m 72| [39m  })[33m;[39m

[31m[2m⎯⎯⎯⎯⎯⎯⎯⎯⎯⎯⎯⎯⎯⎯⎯⎯⎯⎯⎯⎯⎯⎯⎯[7/26]⎯[22m[39m

[41m[1m FAIL [22m[49m src/cli/commands/invoke/__tests__/invoke.test.ts[2m > [22minvoke command[2m > [22mstreaming[2m > [22mrequires prompt for streaming
[31m[1mAssertionError[22m: Expected values to be strictly equal:

0 !== 1
[39m

[32m- Expected[39m
[31m+ Received[39m

[32m- 1[39m
[31m+ 0[39m

[36m [2m❯[22m src/cli/commands/invoke/__tests__/invoke.test.ts:[2m118:14[22m[39m
    [90m116| [39m    [34mit[39m([32m'requires prompt for streaming'[39m[33m,[39m [35masync[39m () [33m=>[39m {
    [90m117| [39m      const result = await runCLI(['invoke', '--stream', '--json'], pr…
    [90m118| [39m      assert[33m.[39m[34mstrictEqual[39m(result[33m.[39mexitCode[33m,[39m [34m1[39m)[33m;[39m
    [90m   | [39m             [31m^[39m
    [90m119| [39m      [35mconst[39m json [33m=[39m [33mJSON[39m[33m.[39m[34mparse[39m(result[33m.[39mstdout)[33m;[39m
    [90m120| [39m      assert[33m.[39m[34mstrictEqual[39m(json[33m.[39msuccess[33m,[39m [35mfalse[39m)[33m;[39m

[31m[2m⎯⎯⎯⎯⎯⎯⎯⎯⎯⎯⎯⎯⎯⎯⎯⎯⎯⎯⎯⎯⎯⎯⎯[8/26]⎯[22m[39m

[41m[1m FAIL [22m[49m src/cli/commands/plan/__tests__/plan.test.ts[2m > [22mplan command[2m > [22m--deploy flag[2m > [22mplan without --deploy returns plan result only
[31m[1mAssertionError[22m: Expected values to be strictly equal:

1 !== 0
[39m

[32m- Expected[39m
[31m+ Received[39m

[32m- 0[39m
[31m+ 1[39m

[36m [2m❯[22m src/cli/commands/plan/__tests__/plan.test.ts:[2m87:14[22m[39m
    [90m 85| [39m    [34mit[39m([32m'plan without --deploy returns plan result only'[39m[33m,[39m [35masync[39m () [33m=>[39m {
    [90m 86| [39m      const result = await runCLI(['plan', '--target', 'test-target', …
    [90m 87| [39m      assert[33m.[39m[34mstrictEqual[39m(result[33m.[39mexitCode[33m,[39m [34m0[39m)[33m;[39m
    [90m   | [39m             [31m^[39m
    [90m 88| [39m      [35mconst[39m json [33m=[39m [33mJSON[39m[33m.[39m[34mparse[39m(result[33m.[39mstdout)[33m;[39m
    [90m 89| [39m      assert[33m.[39m[34mstrictEqual[39m(json[33m.[39msuccess[33m,[39m [35mtrue[39m)[33m;[39m

[31m[2m⎯⎯⎯⎯⎯⎯⎯⎯⎯⎯⎯⎯⎯⎯⎯⎯⎯⎯⎯⎯⎯⎯⎯[9/26]⎯[22m[39m

[41m[1m FAIL [22m[49m src/cli/commands/remove/__tests__/agent-removal-cascade.test.ts[2m > [22magent removal cascade[2m > [22mcascade removes owned resources[2m > [22mremoves agent and its owned memory
[31m[1mAssertionError[22m: stdout: 

1 !== 0
[39m

[32m- Expected[39m
[31m+ Received[39m

[32m- 0[39m
[31m+ 1[39m

[36m [2m❯[22m src/cli/commands/remove/__tests__/agent-removal-cascade.test.ts:[2m54:14[22m[39m
    [90m 52| [39m      [90m// Remove agent with cascade[39m
    [90m 53| [39m      result = await runCLI(['remove', 'agent', '--name', 'OwnerAgent'…
    [90m 54| [39m      assert.strictEqual(result.exitCode, 0, `stdout: ${result.stdout}…
    [90m   | [39m             [31m^[39m
    [90m 55| [39m      [35mconst[39m json [33m=[39m [33mJSON[39m[33m.[39m[34mparse[39m(result[33m.[39mstdout)[33m;[39m
    [90m 56| [39m      assert[33m.[39m[34mstrictEqual[39m(json[33m.[39msuccess[33m,[39m [35mtrue[39m)[33m;[39m

[31m[2m⎯⎯⎯⎯⎯⎯⎯⎯⎯⎯⎯⎯⎯⎯⎯⎯⎯⎯⎯⎯⎯⎯[10/26]⎯[22m[39m

[41m[1m FAIL [22m[49m src/cli/commands/remove/__tests__/agent-removal-cascade.test.ts[2m > [22magent removal cascade[2m > [22mcascade removes owned resources[2m > [22mremoves agent and its owned identity
[31m[1mAssertionError[22m: stdout: 

1 !== 0
[39m

[32m- Expected[39m
[31m+ Received[39m

[32m- 0[39m
[31m+ 1[39m

[36m [2m❯[22m src/cli/commands/remove/__tests__/agent-removal-cascade.test.ts:[2m95:14[22m[39m
    [90m 93| [39m      [90m// Remove agent with cascade[39m
    [90m 94| [39m      result = await runCLI(['remove', 'agent', '--name', 'OwnerAgent'…
    [90m 95| [39m      assert.strictEqual(result.exitCode, 0, `stdout: ${result.stdout}…
    [90m   | [39m             [31m^[39m
    [90m 96| [39m      [35mconst[39m json [33m=[39m [33mJSON[39m[33m.[39m[34mparse[39m(result[33m.[39mstdout)[33m;[39m
    [90m 97| [39m      assert[33m.[39m[34mstrictEqual[39m(json[33m.[39msuccess[33m,[39m [35mtrue[39m)[33m;[39m

[31m[2m⎯⎯⎯⎯⎯⎯⎯⎯⎯⎯⎯⎯⎯⎯⎯⎯⎯⎯⎯⎯⎯⎯[11/26]⎯[22m[39m

[41m[1m FAIL [22m[49m src/cli/commands/remove/__tests__/agent-removal-cascade.test.ts[2m > [22magent removal cascade[2m > [22mcascade removes owned resources[2m > [22mremoves agent and cleans up remote tool references
[31m[1mError[22m: Test timed out in 15000ms.
If this is a long-running test, pass a timeout value as the last argument or configure it globally with "testTimeout".[39m
[36m [2m❯[22m src/cli/commands/remove/__tests__/agent-removal-cascade.test.ts:[2m104:5[22m[39m
    [90m102| [39m    })[33m;[39m
    [90m103| [39m
    [90m104| [39m    it('removes agent and cleans up remote tool references', async () …
    [90m   | [39m    [31m^[39m
    [90m105| [39m      [90m// Create fresh project[39m
    [90m106| [39m      [35mconst[39m projectName [33m=[39m [32m`CascadeToolProj[39m[36m${[39m[33mDate[39m[33m.[39m[34mnow[39m()[36m}[39m[32m`[39m[33m;[39m

[31m[2m⎯⎯⎯⎯⎯⎯⎯⎯⎯⎯⎯⎯⎯⎯⎯⎯⎯⎯⎯⎯⎯⎯[12/26]⎯[22m[39m

[41m[1m FAIL [22m[49m src/cli/commands/remove/__tests__/removal-policy-cascade.test.ts[2m > [22mremoval policy cascade[2m > [22mmemory cascade[2m > [22mremoves memory and cleans up user references with cascade
[31m[1mAssertionError[22m: stdout: 

1 !== 0
[39m

[32m- Expected[39m
[31m+ Received[39m

[32m- 0[39m
[31m+ 1[39m

[36m [2m❯[22m src/cli/commands/remove/__tests__/removal-policy-cascade.test.ts:[2m52:14[22m[39m
    [90m 50| [39m      [90m// Remove memory with cascade[39m
    [90m 51| [39m      result = await runCLI(['remove', 'memory', '--name', 'SharedMem'…
    [90m 52| [39m      assert.strictEqual(result.exitCode, 0, `stdout: ${result.stdout}…
    [90m   | [39m             [31m^[39m
    [90m 53| [39m
    [90m 54| [39m      [90m// Verify memory is removed from both agents[39m

[31m[2m⎯⎯⎯⎯⎯⎯⎯⎯⎯⎯⎯⎯⎯⎯⎯⎯⎯⎯⎯⎯⎯⎯[13/26]⎯[22m[39m

[41m[1m FAIL [22m[49m src/cli/commands/remove/__tests__/removal-policy-cascade.test.ts[2m > [22mremoval policy cascade[2m > [22midentity cascade[2m > [22mremoves identity and cleans up user references with cascade
[31m[1mError[22m: Test timed out in 15000ms.
If this is a long-running test, pass a timeout value as the last argument or configure it globally with "testTimeout".[39m
[36m [2m❯[22m src/cli/commands/remove/__tests__/removal-policy-cascade.test.ts:[2m68:5[22m[39m
    [90m 66| [39m
    [90m 67| [39m  [34mdescribe[39m([32m'identity cascade'[39m[33m,[39m () [33m=>[39m {
    [90m 68| [39m    it('removes identity and cleans up user references with cascade', …
    [90m   | [39m    [31m^[39m
    [90m 69| [39m      [90m// Create fresh project[39m
    [90m 70| [39m      [35mconst[39m projectName [33m=[39m [32m`IdCascadeProj[39m[36m${[39m[33mDate[39m[33m.[39m[34mnow[39m()[36m}[39m[32m`[39m[33m;[39m

[31m[2m⎯⎯⎯⎯⎯⎯⎯⎯⎯⎯⎯⎯⎯⎯⎯⎯⎯⎯⎯⎯⎯⎯[14/26]⎯[22m[39m

[41m[1m FAIL [22m[49m src/cli/commands/remove/__tests__/removal-policy-restrict.test.ts[2m > [22mremoval policy restrict[2m > [22mmemory restrict[2m > [22mblocks removal when memory has users (default restrict)
[31m[1mAssertionError[22m: Expected values to be strictly equal:

0 !== 1
[39m

[32m- Expected[39m
[31m+ Received[39m

[32m- 1[39m
[31m+ 0[39m

[36m [2m❯[22m src/cli/commands/remove/__tests__/removal-policy-restrict.test.ts:[2m52:14[22m[39m
    [90m 50| [39m      [90m// Try to remove memory without cascade - should fail[39m
    [90m 51| [39m      result = await runCLI(['remove', 'memory', '--name', 'SharedMem'…
    [90m 52| [39m      assert[33m.[39m[34mstrictEqual[39m(result[33m.[39mexitCode[33m,[39m [34m1[39m)[33m;[39m
    [90m   | [39m             [31m^[39m
    [90m 53| [39m      [35mconst[39m json [33m=[39m [33mJSON[39m[33m.[39m[34mparse[39m(result[33m.[39mstdout)[33m;[39m
    [90m 54| [39m      assert[33m.[39m[34mstrictEqual[39m(json[33m.[39msuccess[33m,[39m [35mfalse[39m)[33m;[39m

[31m[2m⎯⎯⎯⎯⎯⎯⎯⎯⎯⎯⎯⎯⎯⎯⎯⎯⎯⎯⎯⎯⎯⎯[15/26]⎯[22m[39m

[41m[1m FAIL [22m[49m src/cli/commands/remove/__tests__/removal-policy-restrict.test.ts[2m > [22mremoval policy restrict[2m > [22mmemory restrict[2m > [22mblocks removal with explicit restrict policy
[31m[1mError[22m: Test timed out in 15000ms.
If this is a long-running test, pass a timeout value as the last argument or configure it globally with "testTimeout".[39m
[36m [2m❯[22m src/cli/commands/remove/__tests__/removal-policy-restrict.test.ts:[2m58:5[22m[39m
    [90m 56| [39m    })[33m;[39m
    [90m 57| [39m
    [90m 58| [39m    [34mit[39m([32m'blocks removal with explicit restrict policy'[39m[33m,[39m [35masync[39m () [33m=>[39m {
    [90m   | [39m    [31m^[39m
    [90m 59| [39m      [90m// Create fresh project[39m
    [90m 60| [39m      [35mconst[39m projectName [33m=[39m [32m`MemRestrictExplicitProj[39m[36m${[39m[33mDate[39m[33m.[39m[34mnow[39m()[36m}[39m[32m`[39m[33m;[39m

[31m[2m⎯⎯⎯⎯⎯⎯⎯⎯⎯⎯⎯⎯⎯⎯⎯⎯⎯⎯⎯⎯⎯⎯[16/26]⎯[22m[39m

[41m[1m FAIL [22m[49m src/cli/commands/remove/__tests__/removal-policy-restrict.test.ts[2m > [22mremoval policy restrict[2m > [22midentity restrict[2m > [22mblocks removal when identity has users
[31m[1mError[22m: Test timed out in 15000ms.
If this is a long-running test, pass a timeout value as the last argument or configure it globally with "testTimeout".[39m
[36m [2m❯[22m src/cli/commands/remove/__tests__/removal-policy-restrict.test.ts:[2m94:5[22m[39m
    [90m 92| [39m
    [90m 93| [39m  [34mdescribe[39m([32m'identity restrict'[39m[33m,[39m () [33m=>[39m {
    [90m 94| [39m    [34mit[39m([32m'blocks removal when identity has users'[39m[33m,[39m [35masync[39m () [33m=>[39m {
    [90m   | [39m    [31m^[39m
    [90m 95| [39m      [90m// Create fresh project[39m
    [90m 96| [39m      [35mconst[39m projectName [33m=[39m [32m`IdRestrictProj[39m[36m${[39m[33mDate[39m[33m.[39m[34mnow[39m()[36m}[39m[32m`[39m[33m;[39m

[31m[2m⎯⎯⎯⎯⎯⎯⎯⎯⎯⎯⎯⎯⎯⎯⎯⎯⎯⎯⎯⎯⎯⎯[17/26]⎯[22m[39m

[41m[1m FAIL [22m[49m src/cli/commands/remove/__tests__/removal-policy-restrict.test.ts[2m > [22mremoval policy restrict[2m > [22magent restrict[2m > [22mblocks removal when agent is referenced by others
[31m[1mAssertionError[22m: Expected values to be strictly equal:

0 !== 1
[39m

[32m- Expected[39m
[31m+ Received[39m

[32m- 1[39m
[31m+ 0[39m

[36m [2m❯[22m src/cli/commands/remove/__tests__/removal-policy-restrict.test.ts:[2m159:14[22m[39m
    [90m157| [39m      [90m// Try to remove AgentB - should fail with restrict[39m
    [90m158| [39m      result = await runCLI(['remove', 'agent', '--name', 'AgentB', '-…
    [90m159| [39m      assert[33m.[39m[34mstrictEqual[39m(result[33m.[39mexitCode[33m,[39m [34m1[39m)[33m;[39m
    [90m   | [39m             [31m^[39m
    [90m160| [39m      [35mconst[39m json [33m=[39m [33mJSON[39m[33m.[39m[34mparse[39m(result[33m.[39mstdout)[33m;[39m
    [90m161| [39m      assert[33m.[39m[34mstrictEqual[39m(json[33m.[39msuccess[33m,[39m [35mfalse[39m)[33m;[39m

[31m[2m⎯⎯⎯⎯⎯⎯⎯⎯⎯⎯⎯⎯⎯⎯⎯⎯⎯⎯⎯⎯⎯⎯[18/26]⎯[22m[39m

[41m[1m FAIL [22m[49m src/cli/commands/remove/__tests__/remove-gateway.test.ts[2m > [22mremove gateway command[2m > [22mremove operations[2m > [22mblocks removal when gateway has attached agents
[31m[1mAssertionError[22m: Expected values to be strictly equal:

0 !== 1
[39m

[32m- Expected[39m
[31m+ Received[39m

[32m- 1[39m
[31m+ 0[39m

[36m [2m❯[22m src/cli/commands/remove/__tests__/remove-gateway.test.ts:[2m102:14[22m[39m
    [90m100| [39m      [90m// Try to remove - should fail with restrict policy[39m
    [90m101| [39m      const result = await runCLI(['remove', 'gateway', '--name', gate…
    [90m102| [39m      assert[33m.[39m[34mstrictEqual[39m(result[33m.[39mexitCode[33m,[39m [34m1[39m)[33m;[39m
    [90m   | [39m             [31m^[39m
    [90m103| [39m      [35mconst[39m json [33m=[39m [33mJSON[39m[33m.[39m[34mparse[39m(result[33m.[39mstdout)[33m;[39m
    [90m104| [39m      assert[33m.[39m[34mstrictEqual[39m(json[33m.[39msuccess[33m,[39m [35mfalse[39m)[33m;[39m

[31m[2m⎯⎯⎯⎯⎯⎯⎯⎯⎯⎯⎯⎯⎯⎯⎯⎯⎯⎯⎯⎯⎯⎯[19/26]⎯[22m[39m

[41m[1m FAIL [22m[49m src/cli/commands/remove/__tests__/remove-identity.test.ts[2m > [22mremove identity command[2m > [22mremove operations[2m > [22mremoves identity without users
[31m[1mAssertionError[22m: stdout: {"success":false,"error":"Identity \"temp-id-1769792728695\" not found."}

1 !== 0
[39m

[32m- Expected[39m
[31m+ Received[39m

[32m- 0[39m
[31m+ 1[39m

[36m [2m❯[22m src/cli/commands/remove/__tests__/remove-identity.test.ts:[2m106:14[22m[39m
    [90m104| [39m
    [90m105| [39m      const result = await runCLI(['remove', 'identity', '--name', tem…
    [90m106| [39m      assert.strictEqual(result.exitCode, 0, `stdout: ${result.stdout}…
    [90m   | [39m             [31m^[39m
    [90m107| [39m      [35mconst[39m json [33m=[39m [33mJSON[39m[33m.[39m[34mparse[39m(result[33m.[39mstdout)[33m;[39m
    [90m108| [39m      assert[33m.[39m[34mstrictEqual[39m(json[33m.[39msuccess[33m,[39m [35mtrue[39m)[33m;[39m

[31m[2m⎯⎯⎯⎯⎯⎯⎯⎯⎯⎯⎯⎯⎯⎯⎯⎯⎯⎯⎯⎯⎯⎯[20/26]⎯[22m[39m

[41m[1m FAIL [22m[49m src/cli/commands/remove/__tests__/remove-identity.test.ts[2m > [22mremove identity command[2m > [22mremove operations[2m > [22mblocks removal when identity has users
[31m[1mAssertionError[22m: Expected values to be strictly equal:

0 !== 1
[39m

[32m- Expected[39m
[31m+ Received[39m

[32m- 1[39m
[31m+ 0[39m

[36m [2m❯[22m src/cli/commands/remove/__tests__/remove-identity.test.ts:[2m128:14[22m[39m
    [90m126| [39m      [90m// Try to remove - should fail with restrict policy[39m
    [90m127| [39m      const result = await runCLI(['remove', 'identity', '--name', ide…
    [90m128| [39m      assert[33m.[39m[34mstrictEqual[39m(result[33m.[39mexitCode[33m,[39m [34m1[39m)[33m;[39m
    [90m   | [39m             [31m^[39m
    [90m129| [39m      [35mconst[39m json [33m=[39m [33mJSON[39m[33m.[39m[34mparse[39m(result[33m.[39mstdout)[33m;[39m
    [90m130| [39m      assert[33m.[39m[34mstrictEqual[39m(json[33m.[39msuccess[33m,[39m [35mfalse[39m)[33m;[39m

[31m[2m⎯⎯⎯⎯⎯⎯⎯⎯⎯⎯⎯⎯⎯⎯⎯⎯⎯⎯⎯⎯⎯⎯[21/26]⎯[22m[39m

[41m[1m FAIL [22m[49m src/cli/commands/remove/__tests__/remove-mcp-tool.test.ts[2m > [22mremove mcp-tool command[2m > [22mremove mcp-runtime tool[2m > [22mremoves mcp-runtime tool and cleans up agent references
[31m[1mAssertionError[22m: stdout: {"success":false,"error":"MCP tool 'temp-rt-1769792760950' not found"}

1 !== 0
[39m

[32m- Expected[39m
[31m+ Received[39m

[32m- 0[39m
[31m+ 1[39m

[36m [2m❯[22m src/cli/commands/remove/__tests__/remove-mcp-tool.test.ts:[2m113:14[22m[39m
    [90m111| [39m
    [90m112| [39m      const result = await runCLI(['remove', 'mcp-tool', '--name', tem…
    [90m113| [39m      assert.strictEqual(result.exitCode, 0, `stdout: ${result.stdout}…
    [90m   | [39m             [31m^[39m
    [90m114| [39m      [35mconst[39m json [33m=[39m [33mJSON[39m[33m.[39m[34mparse[39m(result[33m.[39mstdout)[33m;[39m
    [90m115| [39m      assert[33m.[39m[34mstrictEqual[39m(json[33m.[39msuccess[33m,[39m [35mtrue[39m)[33m;[39m

[31m[2m⎯⎯⎯⎯⎯⎯⎯⎯⎯⎯⎯⎯⎯⎯⎯⎯⎯⎯⎯⎯⎯⎯[22/26]⎯[22m[39m

[41m[1m FAIL [22m[49m src/cli/commands/remove/__tests__/remove-mcp-tool.test.ts[2m > [22mremove mcp-tool command[2m > [22mremove behind-gateway tool[2m > [22mremoves behind-gateway tool from gateway targets
[31m[1mAssertionError[22m: stdout: {"success":false,"error":"MCP tool 'temp-gw-1769792764580' not found"}

1 !== 0
[39m

[32m- Expected[39m
[31m+ Received[39m

[32m- 0[39m
[31m+ 1[39m

[36m [2m❯[22m src/cli/commands/remove/__tests__/remove-mcp-tool.test.ts:[2m145:14[22m[39m
    [90m143| [39m
    [90m144| [39m      const result = await runCLI(['remove', 'mcp-tool', '--name', tem…
    [90m145| [39m      assert.strictEqual(result.exitCode, 0, `stdout: ${result.stdout}…
    [90m   | [39m             [31m^[39m
    [90m146| [39m      [35mconst[39m json [33m=[39m [33mJSON[39m[33m.[39m[34mparse[39m(result[33m.[39mstdout)[33m;[39m
    [90m147| [39m      assert[33m.[39m[34mstrictEqual[39m(json[33m.[39msuccess[33m,[39m [35mtrue[39m)[33m;[39m

[31m[2m⎯⎯⎯⎯⎯⎯⎯⎯⎯⎯⎯⎯⎯⎯⎯⎯⎯⎯⎯⎯⎯⎯[23/26]⎯[22m[39m

[41m[1m FAIL [22m[49m src/cli/commands/remove/__tests__/remove-memory.test.ts[2m > [22mremove memory command[2m > [22mremove operations[2m > [22mremoves memory without users
[31m[1mAssertionError[22m: stdout: {"success":false,"error":"Memory \"temp-mem-1769792770811\" not found."}

1 !== 0
[39m

[32m- Expected[39m
[31m+ Received[39m

[32m- 0[39m
[31m+ 1[39m

[36m [2m❯[22m src/cli/commands/remove/__tests__/remove-memory.test.ts:[2m104:14[22m[39m
    [90m102| [39m
    [90m103| [39m      const result = await runCLI(['remove', 'memory', '--name', tempM…
    [90m104| [39m      assert.strictEqual(result.exitCode, 0, `stdout: ${result.stdout}…
    [90m   | [39m             [31m^[39m
    [90m105| [39m      [35mconst[39m json [33m=[39m [33mJSON[39m[33m.[39m[34mparse[39m(result[33m.[39mstdout)[33m;[39m
    [90m106| [39m      assert[33m.[39m[34mstrictEqual[39m(json[33m.[39msuccess[33m,[39m [35mtrue[39m)[33m;[39m

[31m[2m⎯⎯⎯⎯⎯⎯⎯⎯⎯⎯⎯⎯⎯⎯⎯⎯⎯⎯⎯⎯⎯⎯[24/26]⎯[22m[39m

[41m[1m FAIL [22m[49m src/cli/commands/remove/__tests__/remove-memory.test.ts[2m > [22mremove memory command[2m > [22mremove operations[2m > [22mblocks removal when memory has users
[31m[1mAssertionError[22m: Expected values to be strictly equal:

0 !== 1
[39m

[32m- Expected[39m
[31m+ Received[39m

[32m- 1[39m
[31m+ 0[39m

[36m [2m❯[22m src/cli/commands/remove/__tests__/remove-memory.test.ts:[2m126:14[22m[39m
    [90m124| [39m      [90m// Try to remove - should fail with restrict policy[39m
    [90m125| [39m      const result = await runCLI(['remove', 'memory', '--name', memor…
    [90m126| [39m      assert[33m.[39m[34mstrictEqual[39m(result[33m.[39mexitCode[33m,[39m [34m1[39m)[33m;[39m
    [90m   | [39m             [31m^[39m
    [90m127| [39m      [35mconst[39m json [33m=[39m [33mJSON[39m[33m.[39m[34mparse[39m(result[33m.[39mstdout)[33m;[39m
    [90m128| [39m      assert[33m.[39m[34mstrictEqual[39m(json[33m.[39msuccess[33m,[39m [35mfalse[39m)[33m;[39m

[31m[2m⎯⎯⎯⎯⎯⎯⎯⎯⎯⎯⎯⎯⎯⎯⎯⎯⎯⎯⎯⎯⎯⎯[25/26]⎯[22m[39m

[41m[1m FAIL [22m[49m src/cli/tui/utils/__tests__/process.test.ts[2m > [22mcleanupStaleLockFiles[2m > [22mremoves old synth.lock files
[31m[1mAssertionError[22m: Old synth.lock should be removed

true !== false
[39m

[32m- Expected[39m
[31m+ Received[39m

[32m- false[39m
[31m+ true[39m

[36m [2m❯[22m src/cli/tui/utils/__tests__/process.test.ts:[2m61:12[22m[39m
    [90m 59| [39m    [35mawait[39m [34mcleanupStaleLockFiles[39m(testDir)[33m;[39m
    [90m 60| [39m
    [90m 61| [39m    assert.strictEqual(fs.existsSync(lockFile), false, 'Old synth.lock…
    [90m   | [39m           [31m^[39m
    [90m 62| [39m  })[33m;[39m
    [90m 63| [39m

[31m[2m⎯⎯⎯⎯⎯⎯⎯⎯⎯⎯⎯⎯⎯⎯⎯⎯⎯⎯⎯⎯⎯⎯[26/26]⎯[22m[39m


[2m Test Files [22m [1m[31m15 failed[39m[22m[2m | [22m[1m[32m22 passed[39m[22m[90m (37)[39m
[2m      Tests [22m [1m[31m26 failed[39m[22m[2m | [22m[1m[32m201 passed[39m[22m[90m (227)[39m
[2m   Start at [22m 12:05:06
[2m   Duration [22m 66.69s[2m (transform 858ms, setup 0ms, import 5.17s, tests 679.63s, environment 4ms)[22m

