// Bun Snapshot v1, https://bun.sh/docs/test/snapshots

exports[`FsProjectManager.create scaffolds the expected file tree into a fresh directory 1`] = `
[
  "agentcore/.gitignore",
  "agentcore/agentcore.json",
  "agentcore/aws-targets.json",
  "agentcore/cdk/.gitignore",
  "agentcore/cdk/.npmignore",
  "agentcore/cdk/.prettierrc",
  "agentcore/cdk/README.md",
  "agentcore/cdk/bin/cdk.ts",
  "agentcore/cdk/cdk.json",
  "agentcore/cdk/jest.config.js",
  "agentcore/cdk/lib/cdk-stack.ts",
  "agentcore/cdk/package.json",
  "agentcore/cdk/test/cdk.test.ts",
  "agentcore/cdk/tsconfig.json",
  "app/hello-world/README.md",
  "app/hello-world/main.py",
  "app/hello-world/pyproject.toml",
]
`;
